21:31:34.324 READ  st=STOPPED     rpm=    0  trq=   2.0  ref=    0  id=1  RPMrd=OK      TRQrd=OK     
21:31:34.524 READ  st=STOPPED     rpm=    0  trq=   1.7  ref=    0  id=1  RPMrd=OK      TRQrd=OK     
21:31:34.724 READ  st=STOPPED     rpm=    0  trq=   1.6  ref=    0  id=1  RPMrd=OK      TRQrd=OK     
21:31:34.924 READ  st=STOPPED     rpm=    0  trq=   1.7  ref=    0  id=1  RPMrd=OK      TRQrd=OK     
21:31:35.124 READ  st=STOPPED     rpm=    0  trq=   1.8  ref=    0  id=1  RPMrd=OK      TRQrd=OK     
21:31:35.324 READ  st=STOPPED     rpm=    0  trq=   1.5  ref=    0  id=1  RPMrd=OK      TRQrd=OK     
21:31:35.524 READ  st=STOPPED     rpm=    0  trq=   1.7  ref=    0  id=1  RPMrd=OK      TRQrd=OK     
21:31:35.724 READ  st=STOPPED     rpm=   -1  trq=   2.1  ref=    0  id=1  RPMrd=OK      TRQrd=OK     
21:31:35.924 READ  st=STOPPED     rpm=    0  trq=   2.1  ref=    0  id=1  RPMrd=OK      TRQrd=OK     
21:31:36.124 READ  st=STOPPED     rpm=    0  trq=   1.8  ref=    0  id=1  RPMrd=OK      TRQrd=OK     
21:31:36.324 READ  st=STOPPED     rpm=    0  trq=   1.7  ref=    0  id=1  RPMrd=OK      TRQrd=OK     
21:31:36.524 READ  st=STOPPED     rpm=    0  trq=   1.8  ref=    0  id=1  RPMrd=OK      TRQrd=OK     
21:31:36.724 READ  st=STOPPED     rpm=    0  trq=   1.8  ref=    0  id=1  RPMrd=OK      TRQrd=OK     
21:31:36.924 READ  st=STOPPED     rpm=    0  trq=   2.0  ref=    0  id=1  RPMrd=OK      TRQrd=OK     
21:31:37.124 READ  st=STOPPED     rpm=    0  trq=   1.9  ref=    0  id=1  RPMrd=OK      TRQrd=OK     
21:31:37.324 READ  st=STOPPED     rpm=    1  trq=   1.1  ref=    0  id=1  RPMrd=OK      TRQrd=OK     
21:31:37.524 READ  st=STOPPED     rpm=    0  trq=   1.8  ref=    0  id=1  RPMrd=OK      TRQrd=OK     
21:31:37.724 READ  st=STOPPED     rpm=   -1  trq=   1.9  ref=    0  id=1  RPMrd=OK      TRQrd=OK     
21:31:37.924 READ  st=STOPPED     rpm=    0  trq=   1.5  ref=    0  id=1  RPMrd=OK      TRQrd=OK     
21:31:38.124 READ  st=STOPPED     rpm=    1  trq=   1.3  ref=    0  id=1  RPMrd=OK      TRQrd=OK     
21:31:38.324 READ  st=STOPPED     rpm=    1  trq=   1.8  ref=    0  id=1  RPMrd=OK      TRQrd=OK     
21:31:38.524 READ  st=STOPPED     rpm=    0  trq=   1.2  ref=    0  id=1  RPMrd=OK      TRQrd=OK     
21:31:38.724 READ  st=STOPPED     rpm=   -1  trq=   1.5  ref=    0  id=1  RPMrd=OK      TRQrd=OK     
21:31:38.924 READ  st=STOPPED     rpm=    0  trq=   1.8  ref=    0  id=1  RPMrd=OK      TRQrd=OK     
21:31:39.124 READ  st=STOPPED     rpm=    0  trq=   1.8  ref=    0  id=1  RPMrd=OK      TRQrd=OK     
21:31:39.324 READ  st=STOPPED     rpm=    1  trq=   1.8  ref=    0  id=1  RPMrd=OK      TRQrd=OK     
21:31:39.397 CMD   move_a    
21:31:39.524 READ  st=MOVING_A    rpm=  -39  trq=  -1.4  ref=  -50  id=1  RPMrd=OK      TRQrd=OK     
21:31:39.724 READ  st=MOVING_A    rpm=  -51  trq=  -1.3  ref=  -50  id=1  RPMrd=OK      TRQrd=OK     
21:31:39.924 READ  st=MOVING_A    rpm=  -47  trq=  -1.8  ref=  -50  id=1  RPMrd=OK      TRQrd=OK     
21:31:40.124 READ  st=MOVING_A    rpm=  -48  trq=  -1.4  ref=  -50  id=1  RPMrd=OK      TRQrd=OK     
21:31:40.324 READ  st=MOVING_A    rpm=  -50  trq=  -1.5  ref=  -50  id=1  RPMrd=OK      TRQrd=OK     
21:31:40.524 READ  st=MOVING_A    rpm=  -48  trq=  -1.5  ref=  -50  id=1  RPMrd=OK      TRQrd=OK     
21:31:40.724 READ  st=MOVING_A    rpm=  -48  trq=  -1.9  ref=  -50  id=1  RPMrd=OK      TRQrd=OK     
21:31:40.924 READ  st=MOVING_A    rpm=  -50  trq=  -1.7  ref=  -50  id=1  RPMrd=OK      TRQrd=OK     
21:31:41.124 READ  st=MOVING_A    rpm=  -47  trq=  -2.0  ref=  -50  id=1  RPMrd=OK      TRQrd=OK     
21:31:41.324 READ  st=MOVING_A    rpm=  -48  trq=  -2.7  ref=  -50  id=1  RPMrd=OK      TRQrd=OK     
21:31:41.524 READ  st=MOVING_A    rpm=  -51  trq=  -1.9  ref=  -50  id=1  RPMrd=OK      TRQrd=OK     
21:31:41.724 READ  st=STOPPED     rpm=    0  trq=  -2.6  ref=    0  id=1  RPMrd=OK      TRQrd=OK     
21:31:41.924 READ  st=STOPPED     rpm=    0  trq=  -2.4  ref=    0  id=1  RPMrd=OK      TRQrd=OK     
21:31:42.124 READ  st=STOPPED     rpm=    1  trq=  -3.0  ref=    0  id=1  RPMrd=OK      TRQrd=OK     
21:31:42.324 READ  st=STOPPED     rpm=    0  trq=  -2.2  ref=    0  id=1  RPMrd=OK      TRQrd=OK     
21:31:42.524 READ  st=STOPPED     rpm=    0  trq=  -3.0  ref=    0  id=1  RPMrd=OK      TRQrd=OK     
21:31:42.724 READ  st=STOPPED     rpm=    1  trq=  -2.4  ref=    0  id=1  RPMrd=OK      TRQrd=OK     
21:31:42.924 READ  st=STOPPED     rpm=    0  trq=  -2.3  ref=    0  id=1  RPMrd=OK      TRQrd=OK     
21:31:42.960 CMD   move_b    
21:31:43.124 READ  st=MOVING_B    rpm=   44  trq=   1.8  ref=   50  id=1  RPMrd=OK      TRQrd=OK     
21:31:43.324 READ  st=MOVING_B    rpm=   52  trq=   1.8  ref=   50  id=1  RPMrd=OK      TRQrd=OK     
21:31:43.524 READ  st=MOVING_B    rpm=   50  trq=   2.4  ref=   50  id=1  RPMrd=OK      TRQrd=OK     
21:31:43.724 READ  st=MOVING_B    rpm=   50  trq=   2.0  ref=   50  id=1  RPMrd=OK      TRQrd=OK     
21:31:43.924 READ  st=MOVING_B    rpm=   51  trq=   2.1  ref=   50  id=1  RPMrd=OK      TRQrd=OK     
21:31:44.124 READ  st=MOVING_B    rpm=   49  trq=   1.8  ref=   50  id=1  RPMrd=OK      TRQrd=OK     
21:31:44.324 READ  st=MOVING_B    rpm=   51  trq=   1.9  ref=   50  id=1  RPMrd=OK      TRQrd=OK     
21:31:44.524 READ  st=MOVING_B    rpm=   51  trq=   1.7  ref=   50  id=1  RPMrd=OK      TRQrd=OK     
21:31:44.724 READ  st=MOVING_B    rpm=   49  trq=   1.8  ref=   50  id=1  RPMrd=OK      TRQrd=OK     
21:31:44.924 READ  st=MOVING_B    rpm=   50  trq=   1.6  ref=   50  id=1  RPMrd=OK      TRQrd=OK     
21:31:45.124 READ  st=MOVING_B    rpm=   49  trq=   2.5  ref=   50  id=1  RPMrd=OK      TRQrd=OK     
21:31:45.324 READ  st=STOPPED     rpm=    1  trq=   1.7  ref=    0  id=1  RPMrd=OK      TRQrd=OK     
21:31:45.524 READ  st=STOPPED     rpm=    1  trq=   1.5  ref=    0  id=1  RPMrd=OK      TRQrd=OK     
21:31:45.724 READ  st=STOPPED     rpm=    0  trq=   1.9  ref=    0  id=1  RPMrd=OK      TRQrd=OK     
21:31:45.924 READ  st=STOPPED     rpm=    0  trq=   1.7  ref=    0  id=1  RPMrd=OK      TRQrd=OK     
21:31:46.124 READ  st=STOPPED     rpm=   -1  trq=   1.5  ref=    0  id=1  RPMrd=OK      TRQrd=OK     
21:31:46.324 READ  st=STOPPED     rpm=    0  trq=   1.6  ref=    0  id=1  RPMrd=OK      TRQrd=OK     
21:31:46.524 READ  st=STOPPED     rpm=    0  trq=   1.7  ref=    0  id=1  RPMrd=OK      TRQrd=OK     
21:31:46.724 READ  st=STOPPED     rpm=    0  trq=   1.7  ref=    0  id=1  RPMrd=OK      TRQrd=OK     
21:31:46.924 READ  st=STOPPED     rpm=    0  trq=   1.8  ref=    0  id=1  RPMrd=OK      TRQrd=OK     
21:31:47.124 READ  st=STOPPED     rpm=    0  trq=   1.7  ref=    0  id=1  RPMrd=OK      TRQrd=OK     
21:31:47.324 READ  st=STOPPED     rpm=    0  trq=   1.7  ref=    0  id=1  RPMrd=OK      TRQrd=OK     
21:31:47.524 READ  st=STOPPED     rpm=    0  trq=   1.8  ref=    0  id=1  RPMrd=OK      TRQrd=OK     
21:31:47.724 READ  st=STOPPED     rpm=    0  trq=   1.4  ref=    0  id=1  RPMrd=OK      TRQrd=OK     
21:31:47.924 READ  st=STOPPED     rpm=    1  trq=   1.9  ref=    0  id=1  RPMrd=OK      TRQrd=OK     
21:31:48.124 READ  st=STOPPED     rpm=    0  trq=   1.6  ref=    0  id=1  RPMrd=OK      TRQrd=OK     
21:31:48.324 READ  st=STOPPED     rpm=    1  trq=   1.7  ref=    0  id=1  RPMrd=OK      TRQrd=OK     
21:31:48.524 READ  st=STOPPED     rpm=    0  trq=   1.7  ref=    0  id=1  RPMrd=OK      TRQrd=OK     
21:31:48.724 READ  st=STOPPED     rpm=    0  trq=   1.8  ref=    0  id=1  RPMrd=OK      TRQrd=OK     
21:31:48.924 READ  st=STOPPED     rpm=    0  trq=   1.7  ref=    0  id=1  RPMrd=OK      TRQrd=OK     
21:31:49.124 READ  st=STOPPED     rpm=    0  trq=   1.9  ref=    0  id=1  RPMrd=OK      TRQrd=OK     
21:31:49.324 READ  st=STOPPED     rpm=    1  trq=   1.5  ref=    0  id=1  RPMrd=OK      TRQrd=OK     
21:31:49.524 READ  st=STOPPED     rpm=    0  trq=   2.0  ref=    0  id=1  RPMrd=OK      TRQrd=OK     
21:31:49.724 READ  st=STOPPED     rpm=    0  trq=   1.9  ref=    0  id=1  RPMrd=OK      TRQrd=OK     
21:31:49.924 READ  st=STOPPED     rpm=    0  trq=   1.5  ref=    0  id=1  RPMrd=OK      TRQrd=OK     
21:31:50.124 READ  st=STOPPED     rpm=    1  trq=   1.0  ref=    0  id=1  RPMrd=OK      TRQrd=OK     
21:31:50.324 READ  st=STOPPED     rpm=    0  trq=   1.8  ref=    0  id=1  RPMrd=OK      TRQrd=OK     
