\BOOKMARK [0][-]{chapter*.1}{Agradecimientos}{}% 1
\BOOKMARK [0][-]{chapter*.2}{Resumen}{}% 2
\BOOKMARK [0][-]{chapter*.4}{Abstract}{}% 3
\BOOKMARK [0][-]{chapter*.6}{\315ndice}{}% 4
\BOOKMARK [0][-]{chapter.1}{Introducci\363n}{}% 5
\BOOKMARK [1][-]{section.1.1}{Motivaci\363n del proyecto}{chapter.1}% 6
\BOOKMARK [1][-]{section.1.2}{Objetivos}{chapter.1}% 7
\BOOKMARK [1][-]{section.1.3}{Materiales utilizados}{chapter.1}% 8
\BOOKMARK [1][-]{section.1.4}{Estructura del documento}{chapter.1}% 9
\BOOKMARK [0][-]{chapter.2}{Marco Te\363rico}{}% 10
\BOOKMARK [0][-]{chapter.3}{Estado del arte}{}% 11
\BOOKMARK [1][-]{section.3.1}{\277En qu\351 consiste el Estado del Arte?}{chapter.3}% 12
\BOOKMARK [0][-]{chapter.4}{C\363mo escribir en Latex}{}% 13
\BOOKMARK [1][-]{section.4.1}{Estilo}{chapter.4}% 14
\BOOKMARK [1][-]{section.4.2}{Citas}{chapter.4}% 15
\BOOKMARK [1][-]{section.4.3}{Listas}{chapter.4}% 16
\BOOKMARK [1][-]{section.4.4}{Tablas}{chapter.4}% 17
\BOOKMARK [1][-]{section.4.5}{Referencia a una secci\363n}{chapter.4}% 18
\BOOKMARK [1][-]{section.4.6}{Texto}{chapter.4}% 19
\BOOKMARK [1][-]{section.4.7}{Figuras}{chapter.4}% 20
\BOOKMARK [1][-]{section.4.8}{C\363digo software}{chapter.4}% 21
\BOOKMARK [1][-]{section.4.9}{Pie de p\341gina}{chapter.4}% 22
\BOOKMARK [0][-]{chapter.5}{Resultados y discusi\363n}{}% 23
\BOOKMARK [1][-]{section.5.1}{Resultados}{chapter.5}% 24
\BOOKMARK [1][-]{section.5.2}{Discusi\363n}{chapter.5}% 25
\BOOKMARK [0][-]{chapter.6}{Gesti\363n del proyecto}{}% 26
\BOOKMARK [1][-]{section.6.1}{Ciclo de vida}{chapter.6}% 27
\BOOKMARK [1][-]{section.6.2}{Planificaci\363n}{chapter.6}% 28
\BOOKMARK [2][-]{subsection.6.2.1}{Planificaci\363n inicial}{section.6.2}% 29
\BOOKMARK [2][-]{subsection.6.2.2}{Planificaci\363n final}{section.6.2}% 30
\BOOKMARK [1][-]{section.6.3}{Presupuesto}{chapter.6}% 31
\BOOKMARK [2][-]{subsection.6.3.1}{Personal}{section.6.3}% 32
\BOOKMARK [2][-]{subsection.6.3.2}{Material}{section.6.3}% 33
\BOOKMARK [2][-]{subsection.6.3.3}{Resumen de costes}{section.6.3}% 34
\BOOKMARK [0][-]{chapter.7}{Conclusiones}{}% 35
\BOOKMARK [1][-]{section.7.1}{Conclusi\363n}{chapter.7}% 36
\BOOKMARK [1][-]{section.7.2}{Desarrollos futuros}{chapter.7}% 37
\BOOKMARK [0][-]{appendix.Alph1}{Anexo ...}{}% 38
\BOOKMARK [1][-]{section.Alph1.1}{Lorem ipsum}{appendix.Alph1}% 39
\BOOKMARK [0][-]{section.Alph1.1}{Bibliografia}{}% 40
